2023-02-09T08:21:40.0614275Z Requested labels: ubuntu-latest
2023-02-09T08:21:40.0614310Z Job defined at: Diana-2604/Postman-Reports/.github/workflows/github-actions-htmlextra-report.yml@refs/heads/Diana-2604-patch-1
2023-02-09T08:21:40.0614334Z Waiting for a runner to pick up this job...
2023-02-09T08:21:40.5667135Z Job is waiting for a hosted runner to come online.
2023-02-09T08:21:43.4621939Z Job is about to start running on the hosted runner: Hosted Agent (hosted)
2023-02-09T08:21:45.7098592Z Current runner version: '2.301.1'
2023-02-09T08:21:45.7124455Z ##[group]Operating System
2023-02-09T08:21:45.7124987Z Ubuntu
2023-02-09T08:21:45.7125275Z 22.04.1
2023-02-09T08:21:45.7125485Z LTS
2023-02-09T08:21:45.7125830Z ##[endgroup]
2023-02-09T08:21:45.7126149Z ##[group]Runner Image
2023-02-09T08:21:45.7126492Z Image: ubuntu-22.04
2023-02-09T08:21:45.7126747Z Version: 20230129.2
2023-02-09T08:21:45.7127467Z Included Software: https://github.com/actions/runner-images/blob/ubuntu22/20230129.2/images/linux/Ubuntu2204-Readme.md
2023-02-09T08:21:45.7128128Z Image Release: https://github.com/actions/runner-images/releases/tag/ubuntu22%2F20230129.2
2023-02-09T08:21:45.7128497Z ##[endgroup]
2023-02-09T08:21:45.7128825Z ##[group]Runner Image Provisioner
2023-02-09T08:21:45.7129145Z 2.0.108.1
2023-02-09T08:21:45.7129379Z ##[endgroup]
2023-02-09T08:21:45.7130030Z ##[group]GITHUB_TOKEN Permissions
2023-02-09T08:21:45.7130554Z Contents: read
2023-02-09T08:21:45.7130850Z Metadata: read
2023-02-09T08:21:45.7131292Z Packages: read
2023-02-09T08:21:45.7131604Z ##[endgroup]
2023-02-09T08:21:45.7135076Z Secret source: Actions
2023-02-09T08:21:45.7135539Z Prepare workflow directory
2023-02-09T08:21:45.7951483Z Prepare all required actions
2023-02-09T08:21:45.8134010Z Getting action download info
2023-02-09T08:21:46.1164942Z Download action repository 'actions/checkout@v3' (SHA:ac593985615ec2ede58e132d2e21d2b1cbd6127c)
2023-02-09T08:21:46.7366710Z Download action repository 'actions/setup-node@v2' (SHA:1f8c6b94b26d0feae1e387ca63ccbdc44d27b561)
2023-02-09T08:21:47.2895068Z Download action repository 'actions/upload-artifact@v2' (SHA:82c141cc518b40d92cc801eee768e7aafc9c2fa2)
2023-02-09T08:21:47.8399889Z Complete job name: test-api
2023-02-09T08:21:47.9313351Z ##[group]Run actions/checkout@v3
2023-02-09T08:21:47.9313671Z with:
2023-02-09T08:21:47.9314012Z   repository: Diana-2604/Postman-Reports
2023-02-09T08:21:47.9314636Z   token: ***
2023-02-09T08:21:47.9314911Z   ssh-strict: true
2023-02-09T08:21:47.9315163Z   persist-credentials: true
2023-02-09T08:21:47.9315476Z   clean: true
2023-02-09T08:21:47.9315741Z   fetch-depth: 1
2023-02-09T08:21:47.9315989Z   lfs: false
2023-02-09T08:21:47.9316269Z   submodules: false
2023-02-09T08:21:47.9316584Z   set-safe-directory: true
2023-02-09T08:21:47.9316826Z ##[endgroup]
2023-02-09T08:21:48.2009155Z Syncing repository: Diana-2604/Postman-Reports
2023-02-09T08:21:48.2015167Z ##[group]Getting Git version info
2023-02-09T08:21:48.2015697Z Working directory is '/home/runner/work/Postman-Reports/Postman-Reports'
2023-02-09T08:21:48.2016229Z [command]/usr/bin/git version
2023-02-09T08:21:48.2016457Z git version 2.39.1
2023-02-09T08:21:48.2017312Z ##[endgroup]
2023-02-09T08:21:48.2031250Z Temporarily overriding HOME='/home/runner/work/_temp/66b494e3-5607-4ca6-898f-17b5784841fd' before making global git config changes
2023-02-09T08:21:48.2031708Z Adding repository directory to the temporary git global config as a safe directory
2023-02-09T08:21:48.2032255Z [command]/usr/bin/git config --global --add safe.directory /home/runner/work/Postman-Reports/Postman-Reports
2023-02-09T08:21:48.2033130Z Deleting the contents of '/home/runner/work/Postman-Reports/Postman-Reports'
2023-02-09T08:21:48.2033652Z ##[group]Initializing the repository
2023-02-09T08:21:48.2034044Z [command]/usr/bin/git init /home/runner/work/Postman-Reports/Postman-Reports
2023-02-09T08:21:48.2034473Z hint: Using 'master' as the name for the initial branch. This default branch name
2023-02-09T08:21:48.2034846Z hint: is subject to change. To configure the initial branch name to use in all
2023-02-09T08:21:48.2035233Z hint: of your new repositories, which will suppress this warning, call:
2023-02-09T08:21:48.2035490Z hint: 
2023-02-09T08:21:48.2035793Z hint: 	git config --global init.defaultBranch <name>
2023-02-09T08:21:48.2036024Z hint: 
2023-02-09T08:21:48.2036347Z hint: Names commonly chosen instead of 'master' are 'main', 'trunk' and
2023-02-09T08:21:48.2036752Z hint: 'development'. The just-created branch can be renamed via this command:
2023-02-09T08:21:48.2037148Z hint: 
2023-02-09T08:21:48.2037382Z hint: 	git branch -m <name>
2023-02-09T08:21:48.2037782Z Initialized empty Git repository in /home/runner/work/Postman-Reports/Postman-Reports/.git/
2023-02-09T08:21:48.2039442Z [command]/usr/bin/git remote add origin https://github.com/Diana-2604/Postman-Reports
2023-02-09T08:21:48.2073031Z ##[endgroup]
2023-02-09T08:21:48.2073637Z ##[group]Disabling automatic garbage collection
2023-02-09T08:21:48.2076176Z [command]/usr/bin/git config --local gc.auto 0
2023-02-09T08:21:48.2106955Z ##[endgroup]
2023-02-09T08:21:48.2107511Z ##[group]Setting up auth
2023-02-09T08:21:48.2113433Z [command]/usr/bin/git config --local --name-only --get-regexp core\.sshCommand
2023-02-09T08:21:48.2144596Z [command]/usr/bin/git submodule foreach --recursive sh -c "git config --local --name-only --get-regexp 'core\.sshCommand' && git config --local --unset-all 'core.sshCommand' || :"
2023-02-09T08:21:48.2446156Z [command]/usr/bin/git config --local --name-only --get-regexp http\.https\:\/\/github\.com\/\.extraheader
2023-02-09T08:21:48.2478228Z [command]/usr/bin/git submodule foreach --recursive sh -c "git config --local --name-only --get-regexp 'http\.https\:\/\/github\.com\/\.extraheader' && git config --local --unset-all 'http.https://github.com/.extraheader' || :"
2023-02-09T08:21:48.2694285Z [command]/usr/bin/git config --local http.https://github.com/.extraheader AUTHORIZATION: basic ***
2023-02-09T08:21:48.2732365Z ##[endgroup]
2023-02-09T08:21:48.2732990Z ##[group]Fetching the repository
2023-02-09T08:21:48.2766951Z [command]/usr/bin/git -c protocol.version=2 fetch --no-tags --prune --progress --no-recurse-submodules --depth=1 origin +d145e06fb2eb4cdf5347af312c8d148d6b002b78:refs/remotes/origin/Diana-2604-patch-1
2023-02-09T08:21:48.5938015Z remote: Enumerating objects: 20, done.        
2023-02-09T08:21:48.5939897Z remote: Counting objects:   5% (1/20)        
2023-02-09T08:21:48.5941770Z remote: Counting objects:  10% (2/20)        
2023-02-09T08:21:48.5942257Z remote: Counting objects:  15% (3/20)        
2023-02-09T08:21:48.5942821Z remote: Counting objects:  20% (4/20)        
2023-02-09T08:21:48.5943274Z remote: Counting objects:  25% (5/20)        
2023-02-09T08:21:48.5943717Z remote: Counting objects:  30% (6/20)        
2023-02-09T08:21:48.5944157Z remote: Counting objects:  35% (7/20)        
2023-02-09T08:21:48.5945489Z remote: Counting objects:  40% (8/20)        
2023-02-09T08:21:48.5945947Z remote: Counting objects:  45% (9/20)        
2023-02-09T08:21:48.5946387Z remote: Counting objects:  50% (10/20)        
2023-02-09T08:21:48.5946825Z remote: Counting objects:  55% (11/20)        
2023-02-09T08:21:48.5948030Z remote: Counting objects:  60% (12/20)        
2023-02-09T08:21:48.5949557Z remote: Counting objects:  65% (13/20)        
2023-02-09T08:21:48.5950122Z remote: Counting objects:  70% (14/20)        
2023-02-09T08:21:48.5951281Z remote: Counting objects:  75% (15/20)        
2023-02-09T08:21:48.5951880Z remote: Counting objects:  80% (16/20)        
2023-02-09T08:21:48.5952321Z remote: Counting objects:  85% (17/20)        
2023-02-09T08:21:48.5952744Z remote: Counting objects:  90% (18/20)        
2023-02-09T08:21:48.5953087Z remote: Counting objects:  95% (19/20)        
2023-02-09T08:21:48.5953422Z remote: Counting objects: 100% (20/20)        
2023-02-09T08:21:48.5953780Z remote: Counting objects: 100% (20/20), done.        
2023-02-09T08:21:48.5954432Z remote: Compressing objects:   5% (1/19)        
2023-02-09T08:21:48.5955340Z remote: Compressing objects:  10% (2/19)        
2023-02-09T08:21:48.5955790Z remote: Compressing objects:  15% (3/19)        
2023-02-09T08:21:48.5956211Z remote: Compressing objects:  21% (4/19)        
2023-02-09T08:21:48.5956574Z remote: Compressing objects:  26% (5/19)        
2023-02-09T08:21:48.5956925Z remote: Compressing objects:  31% (6/19)        
2023-02-09T08:21:48.5957276Z remote: Compressing objects:  36% (7/19)        
2023-02-09T08:21:48.5957684Z remote: Compressing objects:  42% (8/19)        
2023-02-09T08:21:48.5958263Z remote: Compressing objects:  47% (9/19)        
2023-02-09T08:21:48.5958617Z remote: Compressing objects:  52% (10/19)        
2023-02-09T08:21:48.5958981Z remote: Compressing objects:  57% (11/19)        
2023-02-09T08:21:48.5959341Z remote: Compressing objects:  63% (12/19)        
2023-02-09T08:21:48.5959756Z remote: Compressing objects:  68% (13/19)        
2023-02-09T08:21:48.5960108Z remote: Compressing objects:  73% (14/19)        
2023-02-09T08:21:48.5960455Z remote: Compressing objects:  78% (15/19)        
2023-02-09T08:21:48.5960792Z remote: Compressing objects:  84% (16/19)        
2023-02-09T08:21:48.5961136Z remote: Compressing objects:  89% (17/19)        
2023-02-09T08:21:48.5961490Z remote: Compressing objects:  94% (18/19)        
2023-02-09T08:21:48.5961832Z remote: Compressing objects: 100% (19/19)        
2023-02-09T08:21:48.5962186Z remote: Compressing objects: 100% (19/19), done.        
2023-02-09T08:21:48.6251971Z remote: Total 20 (delta 1), reused 2 (delta 0), pack-reused 0        
2023-02-09T08:21:48.6347661Z From https://github.com/Diana-2604/Postman-Reports
2023-02-09T08:21:48.6348198Z  * [new ref]         d145e06fb2eb4cdf5347af312c8d148d6b002b78 -> origin/Diana-2604-patch-1
2023-02-09T08:21:48.6375367Z ##[endgroup]
2023-02-09T08:21:48.6375908Z ##[group]Determining the checkout info
2023-02-09T08:21:48.6377613Z ##[endgroup]
2023-02-09T08:21:48.6378079Z ##[group]Checking out the ref
2023-02-09T08:21:48.6383720Z [command]/usr/bin/git checkout --progress --force -B Diana-2604-patch-1 refs/remotes/origin/Diana-2604-patch-1
2023-02-09T08:21:48.6446740Z Switched to a new branch 'Diana-2604-patch-1'
2023-02-09T08:21:48.6450960Z branch 'Diana-2604-patch-1' set up to track 'origin/Diana-2604-patch-1'.
2023-02-09T08:21:48.6471674Z ##[endgroup]
2023-02-09T08:21:48.6512194Z [command]/usr/bin/git log -1 --format='%H'
2023-02-09T08:21:48.6569581Z 'd145e06fb2eb4cdf5347af312c8d148d6b002b78'
2023-02-09T08:21:48.6886734Z ##[group]Run actions/setup-node@v2
2023-02-09T08:21:48.6886970Z with:
2023-02-09T08:21:48.6887371Z   node-version: 16.x
2023-02-09T08:21:48.6887580Z   always-auth: false
2023-02-09T08:21:48.6887778Z   check-latest: false
2023-02-09T08:21:48.6888133Z   token: ***
2023-02-09T08:21:48.6888319Z ##[endgroup]
2023-02-09T08:21:50.2321248Z Found in cache @ /opt/hostedtoolcache/node/16.19.0/x64
2023-02-09T08:21:50.2454883Z ##[group]Run npm install -g newman
2023-02-09T08:21:50.2455202Z [36;1mnpm install -g newman[0m
2023-02-09T08:21:50.2455468Z [36;1mnpm install -g newman-reporter-htmlextra[0m
2023-02-09T08:21:50.2512506Z shell: /usr/bin/bash -e {0}
2023-02-09T08:21:50.2512732Z ##[endgroup]
2023-02-09T08:21:58.0718038Z npm WARN deprecated har-validator@5.1.5: this library is no longer supported
2023-02-09T08:21:58.1305439Z npm WARN deprecated uuid@3.4.0: Please upgrade  to version 7 or higher.  Older versions may use Math.random() in certain circumstances, which is known to be problematic.  See https://v8.dev/blog/math-random for details.
2023-02-09T08:21:58.1310365Z npm WARN deprecated uuid@3.4.0: Please upgrade  to version 7 or higher.  Older versions may use Math.random() in certain circumstances, which is known to be problematic.  See https://v8.dev/blog/math-random for details.
2023-02-09T08:21:59.2113521Z 
2023-02-09T08:21:59.2114325Z added 112 packages, and audited 113 packages in 5s
2023-02-09T08:21:59.2125853Z 
2023-02-09T08:21:59.2126257Z 6 packages are looking for funding
2023-02-09T08:21:59.2127744Z   run `npm fund` for details
2023-02-09T08:21:59.2140918Z 
2023-02-09T08:21:59.2141180Z found 0 vulnerabilities
2023-02-09T08:22:03.4309819Z npm WARN deprecated har-validator@5.1.5: this library is no longer supported
2023-02-09T08:22:03.6393892Z npm WARN deprecated source-map-url@0.4.1: See https://github.com/lydell/source-map-url#deprecated
2023-02-09T08:22:03.6399744Z npm WARN deprecated urix@0.1.0: Please see https://github.com/lydell/urix#deprecated
2023-02-09T08:22:03.7488255Z npm WARN deprecated resolve-url@0.2.1: https://github.com/lydell/resolve-url#deprecated
2023-02-09T08:22:03.8768477Z npm WARN deprecated gulp-header@1.8.12: Removed event-stream from gulp-header
2023-02-09T08:22:03.8951404Z npm WARN deprecated source-map-resolve@0.5.3: See https://github.com/lydell/source-map-resolve#deprecated
2023-02-09T08:22:03.9090137Z npm WARN deprecated uuid@3.4.0: Please upgrade  to version 7 or higher.  Older versions may use Math.random() in certain circumstances, which is known to be problematic.  See https://v8.dev/blog/math-random for details.
2023-02-09T08:22:03.9096780Z npm WARN deprecated uuid@3.4.0: Please upgrade  to version 7 or higher.  Older versions may use Math.random() in certain circumstances, which is known to be problematic.  See https://v8.dev/blog/math-random for details.
2023-02-09T08:22:05.0353385Z 
2023-02-09T08:22:05.0354023Z added 308 packages, and audited 309 packages in 6s
2023-02-09T08:22:05.0361992Z 
2023-02-09T08:22:05.0362886Z 8 packages are looking for funding
2023-02-09T08:22:05.0364465Z   run `npm fund` for details
2023-02-09T08:22:05.0376907Z 
2023-02-09T08:22:05.0377137Z found 0 vulnerabilities
2023-02-09T08:22:05.0546150Z ##[group]Run mkdir -p testResults
2023-02-09T08:22:05.0546409Z [36;1mmkdir -p testResults[0m
2023-02-09T08:22:05.0599412Z shell: /usr/bin/bash -e {0}
2023-02-09T08:22:05.0599630Z ##[endgroup]
2023-02-09T08:22:05.0709193Z ##[group]Run newman run "New_REST_Collection.postman_collection.json" -r htmlextra --reporter-htmlextra-export testResults/htmlreport.html || true
2023-02-09T08:22:05.0709773Z [36;1mnewman run "New_REST_Collection.postman_collection.json" -r htmlextra --reporter-htmlextra-export testResults/htmlreport.html || true[0m
2023-02-09T08:22:05.0760012Z shell: /usr/bin/bash -e {0}
2023-02-09T08:22:05.0760228Z ##[endgroup]
2023-02-09T08:22:13.9799761Z ##[group]Run actions/upload-artifact@v2
2023-02-09T08:22:13.9799982Z with:
2023-02-09T08:22:13.9800162Z   name: RunReports
2023-02-09T08:22:13.9800347Z   path: testResults
2023-02-09T08:22:13.9800540Z   if-no-files-found: warn
2023-02-09T08:22:13.9800742Z ##[endgroup]
2023-02-09T08:22:14.0434551Z With the provided path, there will be 1 file uploaded
2023-02-09T08:22:14.0436685Z Starting artifact upload
2023-02-09T08:22:14.0437746Z For more detailed logs during the artifact upload process, enable step-debugging: https://docs.github.com/actions/monitoring-and-troubleshooting-workflows/enabling-debug-logging#enabling-step-debug-logging
2023-02-09T08:22:14.0438421Z Artifact name is valid!
2023-02-09T08:22:14.1751224Z Container for artifact "RunReports" successfully created. Starting upload of file(s)
2023-02-09T08:22:14.3713961Z Total size of all the files uploaded is 20771 bytes
2023-02-09T08:22:14.3714631Z File upload process has finished. Finalizing the artifact upload
2023-02-09T08:22:14.4558906Z Artifact has been finalized. All files have been successfully uploaded!
2023-02-09T08:22:14.4559128Z 
2023-02-09T08:22:14.4559394Z The raw size of all the files that were specified for upload is 336578 bytes
2023-02-09T08:22:14.4560241Z The size of all the files that were uploaded is 20771 bytes. This takes into account any gzip compression used to reduce the upload size, time and storage
2023-02-09T08:22:14.4560531Z 
2023-02-09T08:22:14.4561357Z Note: The size of downloaded zips can differ significantly from the reported size. For more information see: https://github.com/actions/upload-artifact#zipped-artifact-downloads 
2023-02-09T08:22:14.4561693Z 
2023-02-09T08:22:14.4564387Z Artifact RunReports has been successfully uploaded!
2023-02-09T08:22:14.4640962Z Post job cleanup.
2023-02-09T08:22:14.5985618Z Post job cleanup.
2023-02-09T08:22:14.7285322Z [command]/usr/bin/git version
2023-02-09T08:22:14.7332978Z git version 2.39.1
2023-02-09T08:22:14.7380062Z Temporarily overriding HOME='/home/runner/work/_temp/1da3a4f6-ac3e-46d4-88e2-cec7f10841b6' before making global git config changes
2023-02-09T08:22:14.7381538Z Adding repository directory to the temporary git global config as a safe directory
2023-02-09T08:22:14.7387370Z [command]/usr/bin/git config --global --add safe.directory /home/runner/work/Postman-Reports/Postman-Reports
2023-02-09T08:22:14.7428627Z [command]/usr/bin/git config --local --name-only --get-regexp core\.sshCommand
2023-02-09T08:22:14.7466152Z [command]/usr/bin/git submodule foreach --recursive sh -c "git config --local --name-only --get-regexp 'core\.sshCommand' && git config --local --unset-all 'core.sshCommand' || :"
2023-02-09T08:22:14.7691563Z [command]/usr/bin/git config --local --name-only --get-regexp http\.https\:\/\/github\.com\/\.extraheader
2023-02-09T08:22:14.7714790Z http.https://github.com/.extraheader
2023-02-09T08:22:14.7726494Z [command]/usr/bin/git config --local --unset-all http.https://github.com/.extraheader
2023-02-09T08:22:14.7760573Z [command]/usr/bin/git submodule foreach --recursive sh -c "git config --local --name-only --get-regexp 'http\.https\:\/\/github\.com\/\.extraheader' && git config --local --unset-all 'http.https://github.com/.extraheader' || :"
2023-02-09T08:22:14.8208282Z Cleaning up orphan processes
